digraph p_TSP {
size="8,10";
  GT [shape=box,style=dotted,label="TSP"];
  GT -> S1;
	S1 -> S18  [color=black,style=bold,label="vv[0] = 1"];
	S18 -> S3  [color=black,style=dashed,label="({c_code1})"];
	S18 -> S16  [color=black,style=dashed,label="else"];
	S3 -> S73  [color=black,style=bold,label="goto end"];
	S73 -> S74  [color=black,style=bold,label="{c_code5}"];
  S73 [color=blue,style=bold,shape=box];
	S74 -> S0  [color=black,style=solid,label="-end-"];
  S74 [color=blue,style=bold,shape=box];
	S16 -> S8  [color=black,style=dashed,label="(!(vv[1]))"];
	S16 -> S11  [color=black,style=dashed,label="(!(vv[2]))"];
	S16 -> S14  [color=black,style=dashed,label="(!(vv[3]))"];
	S8 -> S9  [color=black,style=dashed,label="cost = (cost+7)"];
	S9 -> S36  [color=black,style=bold,label="goto P1"];
	S36 -> S23  [color=black,style=dashed,label="vv[1] = 1"];
	S23 -> S21  [color=black,style=dashed,label="({c_code2})"];
	S23 -> S34  [color=black,style=dashed,label="else"];
	S21 -> S73  [color=black,style=bold,label="goto end"];
	S34 -> S26  [color=black,style=dashed,label="(!(vv[2]))"];
	S34 -> S29  [color=black,style=dashed,label="(!(vv[3]))"];
	S34 -> S32  [color=black,style=dashed,label="else"];
	S26 -> S27  [color=black,style=dashed,label="cost = (cost+3)"];
	S27 -> S54  [color=black,style=bold,label="goto P2"];
	S54 -> S41  [color=black,style=dashed,label="vv[2] = 1"];
	S41 -> S39  [color=black,style=dashed,label="({c_code3})"];
	S41 -> S52  [color=black,style=dashed,label="else"];
	S39 -> S73  [color=black,style=bold,label="goto end"];
	S52 -> S44  [color=black,style=dashed,label="(!(vv[1]))"];
	S52 -> S47  [color=black,style=dashed,label="(!(vv[3]))"];
	S52 -> S50  [color=black,style=dashed,label="else"];
	S44 -> S45  [color=black,style=dashed,label="cost = (cost+7)"];
	S45 -> S36  [color=black,style=bold,label="goto P1"];
	S47 -> S48  [color=black,style=dashed,label="cost = (cost+8)"];
	S48 -> S72  [color=black,style=bold,label="goto P3"];
	S72 -> S59  [color=black,style=dashed,label="vv[3] = 1"];
	S59 -> S57  [color=black,style=dashed,label="({c_code4})"];
	S59 -> S70  [color=black,style=dashed,label="else"];
	S57 -> S73  [color=black,style=bold,label="goto end"];
	S70 -> S62  [color=black,style=dashed,label="(!(vv[1]))"];
	S70 -> S65  [color=black,style=dashed,label="(!(vv[2]))"];
	S70 -> S68  [color=black,style=dashed,label="else"];
	S62 -> S63  [color=black,style=dashed,label="cost = (cost+3)"];
	S63 -> S36  [color=black,style=bold,label="goto P1"];
	S65 -> S66  [color=black,style=dashed,label="cost = (cost+8)"];
	S66 -> S54  [color=black,style=bold,label="goto P2"];
	S68 -> S69  [color=black,style=dashed,label="cost = (cost+2)"];
	S69 -> S73  [color=black,style=bold,label="goto end"];
	S50 -> S51  [color=black,style=dashed,label="cost = (cost+6)"];
	S51 -> S73  [color=black,style=bold,label="goto end"];
	S29 -> S30  [color=black,style=dashed,label="cost = (cost+7)"];
	S30 -> S72  [color=black,style=bold,label="goto P3"];
	S32 -> S33  [color=black,style=dashed,label="cost = (cost+4)"];
	S33 -> S73  [color=black,style=bold,label="goto end"];
	S11 -> S12  [color=black,style=dashed,label="cost = (cost+9)"];
	S12 -> S54  [color=black,style=bold,label="goto P2"];
	S14 -> S15  [color=black,style=dashed,label="cost = (cost+2)"];
	S15 -> S72  [color=black,style=bold,label="goto P3"];
}
